
> joaocred@0.1.0 build
> next build

Ôû▓ Next.js 16.1.7 (Turbopack)

  Creating an optimized production build ...
node.exe : 
No C:\Program Files\nod
ejs\npm.ps1:29 
caractere:3
+   & $NODE_EXE 
$NPM_CLI_JS $args
+   ~~~~~~~~~~~~~~~~~~~
~~~~~~~~~~
    + CategoryInfo     
         : NotSpecifi  
  ed: (:String) [],    
 RemoteException
    + FullyQualifiedEr 
   rorId : NativeComm  
  andError
 
> Build error occurred
Error: Turbopack build 
failed with 1 errors:
./src/app/globals.css
Error evaluating 
Node.js code
Error: It looks like 
you're trying to use 
`tailwindcss` directly 
as a PostCSS plugin. 
The PostCSS plugin has 
moved to a separate 
package, so to 
continue using 
Tailwind CSS with 
PostCSS you'll need to 
install 
`@tailwindcss/postcss` 
and update your 
PostCSS configuration.
    [at at (C:\xampp\ht
docs\joaocred\node_modu
les\tailwindcss\dist\li
b.js:38:1643)]
    at turbopack:///[tu
rbopack-node]/transform
s/postcss.ts:56:14 [C:\
xampp\htdocs\joaocred\.
next\build\chunks\[root
-of-the-server]__6d51cb
5d._.js:165:20]
    [at <anonymous>]
    at Module.init (tur
bopack:///[turbopack-no
de]/transforms/postcss.
ts:43:33) [C:\xampp\htd
ocs\joaocred\.next\buil
d\chunks\[root-of-the-s
erver]__6d51cb5d._.js:1
55:35]
    at run (turbopack:/
//[turbopack-node]/ipc/
evaluate.ts:77:20) [C:\
xampp\htdocs\joaocred\.
next\build\chunks\[root
-of-the-server]__44695d
76._.js:429:26]

Import trace:
  Client Component 
Browser:
    
./src/app/globals.css 
[Client Component 
Browser]
    
./src/app/layout.tsx 
[Server Component]


    at Module.init (tur
bopack:///[turbopack-no
de]/transforms/postcss.
ts:43:33) [C:\xampp\htd
ocs\joaocred\.next\buil
d\chunks\[root-of-the-s
erver]__6d51cb5d._.js:1
55:35])
    at run (turbopack:/
//[turbopack-node]/ipc/
evaluate.ts:77:20) [C:\
xampp\htdocs\joaocred\.
next\build\chunks\[root
-of-the-server]__44695d
76._.js:429:26])
